
> frontend@0.1.0 build
> next build

  ▲ Next.js 14.2.16

   Creating an optimized production build ...
 ✓ Compiled successfully
   Skipping validation of types
   Skipping linting
   Collecting page data ...
Error: supabaseUrl is required.
    at C:\Users\HomeB\Documents\Projects\Website\.next\server\chunks\88.js:48:47050
    at new rk (C:\Users\HomeB\Documents\Projects\Website\.next\server\chunks\88.js:48:47301)
    at rS (C:\Users\HomeB\Documents\Projects\Website\.next\server\chunks\88.js:48:50967)
    at 4504 (C:\Users\HomeB\Documents\Projects\Website\.next\server\app\api\articles\[id]\photos\route.js:1:595)
    at t (C:\Users\HomeB\Documents\Projects\Website\.next\server\webpack-runtime.js:1:127)
    at r (C:\Users\HomeB\Documents\Projects\Website\.next\server\app\api\articles\[id]\photos\route.js:1:2811)
    at C:\Users\HomeB\Documents\Projects\Website\.next\server\app\api\articles\[id]\photos\route.js:1:2841
    at t.X (C:\Users\HomeB\Documents\Projects\Website\.next\server\webpack-runtime.js:1:1191)
    at C:\Users\HomeB\Documents\Projects\Website\.next\server\app\api\articles\[id]\photos\route.js:1:2824
    at Object.<anonymous> (C:\Users\HomeB\Documents\Projects\Website\.next\server\app\api\articles\[id]\photos\route.js:1:2868)

> Build error occurred
Error: Failed to collect page data for /api/articles/[id]/photos
    at C:\Users\HomeB\Documents\Projects\Website\node_modules\next\dist\build\utils.js:1268:15
    at process.processTicksAndRejections (node:internal/process/task_queues:103:5) {
  type: 'Error'
}
