app/articles/[id]/page.tsx(146,37): error TS17001: JSX elements cannot have multiple attributes with the same name.
